Archive member included to satisfy reference by file (symbol)

c:/st/stm32cubeide_1.11.0/stm32cubeide/plugins/com.st.stm32cube.ide.mcu.externaltools.gnu-arm-embedded.10.3-2021.10.win32_1.0.200.202301161003/tools/bin/../lib/gcc/arm-none-eabi/10.3.1/../../../../arm-none-eabi/lib/thumb/v7-m/nofp\libc_nano.a(lib_a-errno.o)
                              ./Core/Src/syscalls.o (__errno)
c:/st/stm32cubeide_1.11.0/stm32cubeide/plugins/com.st.stm32cube.ide.mcu.externaltools.gnu-arm-embedded.10.3-2021.10.win32_1.0.200.202301161003/tools/bin/../lib/gcc/arm-none-eabi/10.3.1/../../../../arm-none-eabi/lib/thumb/v7-m/nofp\libc_nano.a(lib_a-exit.o)
                              c:/st/stm32cubeide_1.11.0/stm32cubeide/plugins/com.st.stm32cube.ide.mcu.externaltools.gnu-arm-embedded.10.3-2021.10.win32_1.0.200.202301161003/tools/bin/../lib/gcc/arm-none-eabi/10.3.1/../../../../arm-none-eabi/lib/thumb/v7-m/nofp/crt0.o (exit)
c:/st/stm32cubeide_1.11.0/stm32cubeide/plugins/com.st.stm32cube.ide.mcu.externaltools.gnu-arm-embedded.10.3-2021.10.win32_1.0.200.202301161003/tools/bin/../lib/gcc/arm-none-eabi/10.3.1/../../../../arm-none-eabi/lib/thumb/v7-m/nofp\libc_nano.a(lib_a-impure.o)
                              c:/st/stm32cubeide_1.11.0/stm32cubeide/plugins/com.st.stm32cube.ide.mcu.externaltools.gnu-arm-embedded.10.3-2021.10.win32_1.0.200.202301161003/tools/bin/../lib/gcc/arm-none-eabi/10.3.1/../../../../arm-none-eabi/lib/thumb/v7-m/nofp\libc_nano.a(lib_a-exit.o) (_global_impure_ptr)
c:/st/stm32cubeide_1.11.0/stm32cubeide/plugins/com.st.stm32cube.ide.mcu.externaltools.gnu-arm-embedded.10.3-2021.10.win32_1.0.200.202301161003/tools/bin/../lib/gcc/arm-none-eabi/10.3.1/../../../../arm-none-eabi/lib/thumb/v7-m/nofp\libc_nano.a(lib_a-init.o)
                              c:/st/stm32cubeide_1.11.0/stm32cubeide/plugins/com.st.stm32cube.ide.mcu.externaltools.gnu-arm-embedded.10.3-2021.10.win32_1.0.200.202301161003/tools/bin/../lib/gcc/arm-none-eabi/10.3.1/../../../../arm-none-eabi/lib/thumb/v7-m/nofp/crt0.o (__libc_init_array)
c:/st/stm32cubeide_1.11.0/stm32cubeide/plugins/com.st.stm32cube.ide.mcu.externaltools.gnu-arm-embedded.10.3-2021.10.win32_1.0.200.202301161003/tools/bin/../lib/gcc/arm-none-eabi/10.3.1/../../../../arm-none-eabi/lib/thumb/v7-m/nofp\libc_nano.a(lib_a-memset.o)
                              c:/st/stm32cubeide_1.11.0/stm32cubeide/plugins/com.st.stm32cube.ide.mcu.externaltools.gnu-arm-embedded.10.3-2021.10.win32_1.0.200.202301161003/tools/bin/../lib/gcc/arm-none-eabi/10.3.1/../../../../arm-none-eabi/lib/thumb/v7-m/nofp/crt0.o (memset)

Discarded input sections

 .text          0x00000000        0x0 c:/st/stm32cubeide_1.11.0/stm32cubeide/plugins/com.st.stm32cube.ide.mcu.externaltools.gnu-arm-embedded.10.3-2021.10.win32_1.0.200.202301161003/tools/bin/../lib/gcc/arm-none-eabi/10.3.1/thumb/v7-m/nofp/crti.o
 .data          0x00000000        0x0 c:/st/stm32cubeide_1.11.0/stm32cubeide/plugins/com.st.stm32cube.ide.mcu.externaltools.gnu-arm-embedded.10.3-2021.10.win32_1.0.200.202301161003/tools/bin/../lib/gcc/arm-none-eabi/10.3.1/thumb/v7-m/nofp/crti.o
 .bss           0x00000000        0x0 c:/st/stm32cubeide_1.11.0/stm32cubeide/plugins/com.st.stm32cube.ide.mcu.externaltools.gnu-arm-embedded.10.3-2021.10.win32_1.0.200.202301161003/tools/bin/../lib/gcc/arm-none-eabi/10.3.1/thumb/v7-m/nofp/crti.o
 .data          0x00000000        0x4 c:/st/stm32cubeide_1.11.0/stm32cubeide/plugins/com.st.stm32cube.ide.mcu.externaltools.gnu-arm-embedded.10.3-2021.10.win32_1.0.200.202301161003/tools/bin/../lib/gcc/arm-none-eabi/10.3.1/thumb/v7-m/nofp/crtbegin.o
 .rodata        0x00000000       0x24 c:/st/stm32cubeide_1.11.0/stm32cubeide/plugins/com.st.stm32cube.ide.mcu.externaltools.gnu-arm-embedded.10.3-2021.10.win32_1.0.200.202301161003/tools/bin/../lib/gcc/arm-none-eabi/10.3.1/thumb/v7-m/nofp/crtbegin.o
 .text          0x00000000       0x7c c:/st/stm32cubeide_1.11.0/stm32cubeide/plugins/com.st.stm32cube.ide.mcu.externaltools.gnu-arm-embedded.10.3-2021.10.win32_1.0.200.202301161003/tools/bin/../lib/gcc/arm-none-eabi/10.3.1/../../../../arm-none-eabi/lib/thumb/v7-m/nofp/crt0.o
 .data          0x00000000        0x0 c:/st/stm32cubeide_1.11.0/stm32cubeide/plugins/com.st.stm32cube.ide.mcu.externaltools.gnu-arm-embedded.10.3-2021.10.win32_1.0.200.202301161003/tools/bin/../lib/gcc/arm-none-eabi/10.3.1/../../../../arm-none-eabi/lib/thumb/v7-m/nofp/crt0.o
 .bss           0x00000000        0x0 c:/st/stm32cubeide_1.11.0/stm32cubeide/plugins/com.st.stm32cube.ide.mcu.externaltools.gnu-arm-embedded.10.3-2021.10.win32_1.0.200.202301161003/tools/bin/../lib/gcc/arm-none-eabi/10.3.1/../../../../arm-none-eabi/lib/thumb/v7-m/nofp/crt0.o
 .ARM.extab     0x00000000        0x0 c:/st/stm32cubeide_1.11.0/stm32cubeide/plugins/com.st.stm32cube.ide.mcu.externaltools.gnu-arm-embedded.10.3-2021.10.win32_1.0.200.202301161003/tools/bin/../lib/gcc/arm-none-eabi/10.3.1/../../../../arm-none-eabi/lib/thumb/v7-m/nofp/crt0.o
[...]
Memory Configuration

Name             Origin             Length             Attributes
RAM              0x20000000         0x00005000         xrw
FLASH            0x08000000         0x00010000         xr
*default*        0x00000000         0xffffffff

Linker script and memory map

LOAD c:/st/stm32cubeide_1.11.0/stm32cubeide/plugins/com.st.stm32cube.ide.mcu.externaltools.gnu-arm-embedded.10.3-2021.10.win32_1.0.200.202301161003/tools/bin/../lib/gcc/arm-none-eabi/10.3.1/thumb/v7-m/nofp/crti.o
LOAD c:/st/stm32cubeide_1.11.0/stm32cubeide/plugins/com.st.stm32cube.ide.mcu.externaltools.gnu-arm-embedded.10.3-2021.10.win32_1.0.200.202301161003/tools/bin/../lib/gcc/arm-none-eabi/10.3.1/thumb/v7-m/nofp/crtbegin.o
LOAD c:/st/stm32cubeide_1.11.0/stm32cubeide/plugins/com.st.stm32cube.ide.mcu.externaltools.gnu-arm-embedded.10.3-2021.10.win32_1.0.200.202301161003/tools/bin/../lib/gcc/arm-none-eabi/10.3.1/../../../../arm-none-eabi/lib/thumb/v7-m/nofp/crt0.o
LOAD ./Core/Src/gpio.o
LOAD ./Core/Src/lcd.o
LOAD ./Core/Src/main.o
LOAD ./Core/Src/stm32f1xx_hal_msp.o
LOAD ./Core/Src/stm32f1xx_it.o
LOAD ./Core/Src/syscalls.o
LOAD ./Core/Src/sysmem.o
LOAD ./Core/Src/system_stm32f1xx.o
LOAD ./Core/Src/usart.o
LOAD ./Core/Startup/startup_stm32f103c8tx.o
LOAD ./Drivers/STM32F1xx_HAL_Driver/Src/stm32f1xx_hal.o
LOAD ./Drivers/STM32F1xx_HAL_Driver/Src/stm32f1xx_hal_cortex.o
LOAD ./Drivers/STM32F1xx_HAL_Driver/Src/stm32f1xx_hal_dma.o
LOAD ./Drivers/STM32F1xx_HAL_Driver/Src/stm32f1xx_hal_exti.o
LOAD ./Drivers/STM32F1xx_HAL_Driver/Src/stm32f1xx_hal_flash.o
LOAD ./Drivers/STM32F1xx_HAL_Driver/Src/stm32f1xx_hal_flash_ex.o
LOAD ./Drivers/STM32F1xx_HAL_Driver/Src/stm32f1xx_hal_gpio.o
LOAD ./Drivers/STM32F1xx_HAL_Driver/Src/stm32f1xx_hal_gpio_ex.o
LOAD ./Drivers/STM32F1xx_HAL_Driver/Src/stm32f1xx_hal_pwr.o
LOAD ./Drivers/STM32F1xx_HAL_Driver/Src/stm32f1xx_hal_rcc.o
LOAD ./Drivers/STM32F1xx_HAL_Driver/Src/stm32f1xx_hal_rcc_ex.o
LOAD ./Drivers/STM32F1xx_HAL_Driver/Src/stm32f1xx_hal_uart.o
START GROUP
LOAD c:/st/stm32cubeide_1.11.0/stm32cubeide/plugins/com.st.stm32cube.ide.mcu.externaltools.gnu-arm-embedded.10.3-2021.10.win32_1.0.200.202301161003/tools/bin/../lib/gcc/arm-none-eabi/10.3.1/../../../../arm-none-eabi/lib/thumb/v7-m/nofp\libc_nano.a
LOAD c:/st/stm32cubeide_1.11.0/stm32cubeide/plugins/com.st.stm32cube.ide.mcu.externaltools.gnu-arm-embedded.10.3-2021.10.win32_1.0.200.202301161003/tools/bin/../lib/gcc/arm-none-eabi/10.3.1/../../../../arm-none-eabi/lib/thumb/v7-m/nofp\libm.a
END GROUP
START GROUP
LOAD c:/st/stm32cubeide_1.11.0/stm32cubeide/plugins/com.st.stm32cube.ide.mcu.externaltools.gnu-arm-embedded.10.3-2021.10.win32_1.0.200.202301161003/tools/bin/../lib/gcc/arm-none-eabi/10.3.1/thumb/v7-m/nofp\libgcc.a
LOAD c:/st/stm32cubeide_1.11.0/stm32cubeide/plugins/com.st.stm32cube.ide.mcu.externaltools.gnu-arm-embedded.10.3-2021.10.win32_1.0.200.202301161003/tools/bin/../lib/gcc/arm-none-eabi/10.3.1/../../../../arm-none-eabi/lib/thumb/v7-m/nofp\libc_nano.a
END GROUP
START GROUP
LOAD c:/st/stm32cubeide_1.11.0/stm32cubeide/plugins/com.st.stm32cube.ide.mcu.externaltools.gnu-arm-embedded.10.3-2021.10.win32_1.0.200.202301161003/tools/bin/../lib/gcc/arm-none-eabi/10.3.1/thumb/v7-m/nofp\libgcc.a
LOAD c:/st/stm32cubeide_1.11.0/stm32cubeide/plugins/com.st.stm32cube.ide.mcu.externaltools.gnu-arm-embedded.10.3-2021.10.win32_1.0.200.202301161003/tools/bin/../lib/gcc/arm-none-eabi/10.3.1/../../../../arm-none-eabi/lib/thumb/v7-m/nofp\libc_nano.a
LOAD c:/st/stm32cubeide_1.11.0/stm32cubeide/plugins/com.st.stm32cube.ide.mcu.externaltools.gnu-arm-embedded.10.3-2021.10.win32_1.0.200.202301161003/tools/bin/../lib/gcc/arm-none-eabi/10.3.1/../../../../arm-none-eabi/lib/thumb/v7-m/nofp\libnosys.a
END GROUP
START GROUP
LOAD c:/st/stm32cubeide_1.11.0/stm32cubeide/plugins/com.st.stm32cube.ide.mcu.externaltools.gnu-arm-embedded.10.3-2021.10.win32_1.0.200.202301161003/tools/bin/../lib/gcc/arm-none-eabi/10.3.1/thumb/v7-m/nofp\libgcc.a
LOAD c:/st/stm32cubeide_1.11.0/stm32cubeide/plugins/com.st.stm32cube.ide.mcu.externaltools.gnu-arm-embedded.10.3-2021.10.win32_1.0.200.202301161003/tools/bin/../lib/gcc/arm-none-eabi/10.3.1/../../../../arm-none-eabi/lib/thumb/v7-m/nofp\libc_nano.a
LOAD c:/st/stm32cubeide_1.11.0/stm32cubeide/plugins/com.st.stm32cube.ide.mcu.externaltools.gnu-arm-embedded.10.3-2021.10.win32_1.0.200.202301161003/tools/bin/../lib/gcc/arm-none-eabi/10.3.1/../../../../arm-none-eabi/lib/thumb/v7-m/nofp\libnosys.a
END GROUP
LOAD c:/st/stm32cubeide_1.11.0/stm32cubeide/plugins/com.st.stm32cube.ide.mcu.externaltools.gnu-arm-embedded.10.3-2021.10.win32_1.0.200.202301161003/tools/bin/../lib/gcc/arm-none-eabi/10.3.1/thumb/v7-m/nofp/crtend.o
LOAD c:/st/stm32cubeide_1.11.0/stm32cubeide/plugins/com.st.stm32cube.ide.mcu.externaltools.gnu-arm-embedded.10.3-2021.10.win32_1.0.200.202301161003/tools/bin/../lib/gcc/arm-none-eabi/10.3.1/thumb/v7-m/nofp/crtn.o
                0x20005000                _estack = (ORIGIN (RAM) + LENGTH (RAM))
                0x00000200                _Min_Heap_Size = 0x200
                0x00000400                _Min_Stack_Size = 0x400

.isr_vector     0x08000000      0x10c
                0x08000000                . = ALIGN (0x4)
 *(.isr_vector)
 .isr_vector    0x08000000      0x10c ./Core/Startup/startup_stm32f103c8tx.o
                0x08000000                g_pfnVectors
                0x0800010c                . = ALIGN (0x4)

.text           0x0800010c     0x18e8
                0x0800010c                . = ALIGN (0x4)
 *(.text)
 .text          0x0800010c       0x40 c:/st/stm32cubeide_1.11.0/stm32cubeide/plugins/com.st.stm32cube.ide.mcu.externaltools.gnu-arm-embedded.10.3-2021.10.win32_1.0.200.202301161003/tools/bin/../lib/gcc/arm-none-eabi/10.3.1/thumb/v7-m/nofp/crtbegin.o
 *(.text*)
 .text.MX_GPIO_Init
                0x0800014c       0x44 ./Core/Src/gpio.o
                0x0800014c                MX_GPIO_Init
 .text.lcd_gpio_init
                0x08000190      0x134 ./Core/Src/lcd.o
                0x08000190                lcd_gpio_init
 .text.lcd_init
                0x080002c4       0x2c ./Core/Src/lcd.o
                0x080002c4                lcd_init
 .text.lcd_begin
                0x080002f0       0xf4 ./Core/Src/lcd.o
                0x080002f0                lcd_begin
 .text.lcd_display
                0x080003e4       0x5c ./Core/Src/lcd.o
                0x080003e4                lcd_display
 .text.lcd_enable
                0x08000440       0x44 ./Core/Src/lcd.o
                0x08000440                lcd_enable
 .text.write_8bit
                0x08000484       0xcc ./Core/Src/lcd.o
                0x08000484                write_8bit
 .text.lcd_send_cmd
                0x08000550       0x2c ./Core/Src/lcd.o
                0x08000550                lcd_send_cmd
 .text.lcd_clear
                0x0800057c       0x16 ./Core/Src/lcd.o
                0x0800057c                lcd_clear
 *fill*         0x08000592        0x2 
 .text.lcd_send_data
                0x08000594       0x2c ./Core/Src/lcd.o
                0x08000594                lcd_send_data
 .text.lcd_cursor
                0x080005c0       0x5c ./Core/Src/lcd.o
                0x080005c0                lcd_cursor
 .text.lcd_print
                0x0800061c       0x2a ./Core/Src/lcd.o
                0x0800061c                lcd_print
 *fill*         0x08000646        0x2 
 .text.lcd_set_cursor
                0x08000648       0x88 ./Core/Src/lcd.o
                0x08000648                lcd_set_cursor
 .text.main     0x080006d0       0x64 ./Core/Src/main.o
                0x080006d0                main
 .text.SystemClock_Config
                0x08000734       0x74 ./Core/Src/main.o
                0x08000734                SystemClock_Config
 .text.Error_Handler
                0x080007a8        0xa ./Core/Src/main.o
                0x080007a8                Error_Handler
 *fill*         0x080007b2        0x2 
 .text.HAL_MspInit
                0x080007b4       0x44 ./Core/Src/stm32f1xx_hal_msp.o
                0x080007b4                HAL_MspInit
 .text.NMI_Handler
                0x080007f8        0x6 ./Core/Src/stm32f1xx_it.o
                0x080007f8                NMI_Handler
 .text.HardFault_Handler
                0x080007fe        0x6 ./Core/Src/stm32f1xx_it.o
                0x080007fe                HardFault_Handler
 .text.MemManage_Handler
                0x08000804        0x6 ./Core/Src/stm32f1xx_it.o
                0x08000804                MemManage_Handler
 .text.BusFault_Handler
                0x0800080a        0x6 ./Core/Src/stm32f1xx_it.o
                0x0800080a                BusFault_Handler
 .text.UsageFault_Handler
                0x08000810        0x6 ./Core/Src/stm32f1xx_it.o
                0x08000810                UsageFault_Handler
 .text.SVC_Handler
                0x08000816        0xc ./Core/Src/stm32f1xx_it.o
                0x08000816                SVC_Handler
 .text.DebugMon_Handler
                0x08000822        0xc ./Core/Src/stm32f1xx_it.o
                0x08000822                DebugMon_Handler
 .text.PendSV_Handler
                0x0800082e        0xc ./Core/Src/stm32f1xx_it.o
                0x0800082e                PendSV_Handler
 .text.SysTick_Handler
                0x0800083a        0xc ./Core/Src/stm32f1xx_it.o
                0x0800083a                SysTick_Handler
 .text.SystemInit
                0x08000846        0xc ./Core/Src/system_stm32f1xx.o
                0x08000846                SystemInit
 *fill*         0x08000852        0x2 
 .text.MX_USART1_UART_Init
                0x08000854       0x54 ./Core/Src/usart.o
                0x08000854                MX_USART1_UART_Init
 .text.HAL_UART_MspInit
                0x080008a8       0x98 ./Core/Src/usart.o
                0x080008a8                HAL_UART_MspInit
 .text.Reset_Handler
                0x08000940       0x48 ./Core/Startup/startup_stm32f103c8tx.o
                0x08000940                Reset_Handler
 .text.Default_Handler
                0x08000988        0x2 ./Core/Startup/startup_stm32f103c8tx.o
                0x08000988                RTC_Alarm_IRQHandler
                0x08000988                EXTI2_IRQHandler
                0x08000988                TIM1_CC_IRQHandler
                0x08000988                PVD_IRQHandler
                0x08000988                EXTI3_IRQHandler
                0x08000988                EXTI0_IRQHandler
                0x08000988                I2C2_EV_IRQHandler
                0x08000988                ADC1_2_IRQHandler
                0x08000988                SPI1_IRQHandler
                0x08000988                TAMPER_IRQHandler
                0x08000988                DMA1_Channel4_IRQHandler
                0x08000988                USART3_IRQHandler
                0x08000988                RTC_IRQHandler
                0x08000988                DMA1_Channel7_IRQHandler
                0x08000988                CAN1_RX1_IRQHandler
                0x08000988                TIM4_IRQHandler
                0x08000988                I2C1_EV_IRQHandler
                0x08000988                DMA1_Channel6_IRQHandler
                0x08000988                TIM3_IRQHandler
                0x08000988                RCC_IRQHandler
                0x08000988                TIM1_TRG_COM_IRQHandler
                0x08000988                DMA1_Channel1_IRQHandler
                0x08000988                Default_Handler
                0x08000988                EXTI15_10_IRQHandler
                0x08000988                EXTI9_5_IRQHandler
                0x08000988                SPI2_IRQHandler
                0x08000988                DMA1_Channel5_IRQHandler
                0x08000988                EXTI4_IRQHandler
                0x08000988                USB_LP_CAN1_RX0_IRQHandler
                0x08000988                USB_HP_CAN1_TX_IRQHandler
                0x08000988                DMA1_Channel3_IRQHandler
                0x08000988                TIM1_UP_IRQHandler
                0x08000988                WWDG_IRQHandler
                0x08000988                TIM2_IRQHandler
                0x08000988                TIM1_BRK_IRQHandler
                0x08000988                EXTI1_IRQHandler
                0x08000988                USART2_IRQHandler
                0x08000988                I2C2_ER_IRQHandler
                0x08000988                DMA1_Channel2_IRQHandler
                0x08000988                CAN1_SCE_IRQHandler
                0x08000988                FLASH_IRQHandler
                0x08000988                USART1_IRQHandler
                0x08000988                I2C1_ER_IRQHandler
                0x08000988                USBWakeUp_IRQHandler
 *fill*         0x0800098a        0x2 
 .text.HAL_Init
                0x0800098c       0x2c ./Drivers/STM32F1xx_HAL_Driver/Src/stm32f1xx_hal.o
                0x0800098c                HAL_Init
 .text.HAL_InitTick
                0x080009b8       0x60 ./Drivers/STM32F1xx_HAL_Driver/Src/stm32f1xx_hal.o
                0x080009b8                HAL_InitTick
 .text.HAL_IncTick
                0x08000a18       0x24 ./Drivers/STM32F1xx_HAL_Driver/Src/stm32f1xx_hal.o
                0x08000a18                HAL_IncTick
 .text.HAL_GetTick
                0x08000a3c       0x14 ./Drivers/STM32F1xx_HAL_Driver/Src/stm32f1xx_hal.o
                0x08000a3c                HAL_GetTick
 .text.HAL_Delay
                0x08000a50       0x48 ./Drivers/STM32F1xx_HAL_Driver/Src/stm32f1xx_hal.o
                0x08000a50                HAL_Delay
 .text.__NVIC_SetPriorityGrouping
                0x08000a98       0x48 ./Drivers/STM32F1xx_HAL_Driver/Src/stm32f1xx_hal_cortex.o
 .text.__NVIC_GetPriorityGrouping
                0x08000ae0       0x1c ./Drivers/STM32F1xx_HAL_Driver/Src/stm32f1xx_hal_cortex.o
 .text.__NVIC_SetPriority
                0x08000afc       0x54 ./Drivers/STM32F1xx_HAL_Driver/Src/stm32f1xx_hal_cortex.o
 .text.NVIC_EncodePriority
                0x08000b50       0x64 ./Drivers/STM32F1xx_HAL_Driver/Src/stm32f1xx_hal_cortex.o
 .text.SysTick_Config
                0x08000bb4       0x44 ./Drivers/STM32F1xx_HAL_Driver/Src/stm32f1xx_hal_cortex.o
 .text.HAL_NVIC_SetPriorityGrouping
                0x08000bf8       0x16 ./Drivers/STM32F1xx_HAL_Driver/Src/stm32f1xx_hal_cortex.o
                0x08000bf8                HAL_NVIC_SetPriorityGrouping
 .text.HAL_NVIC_SetPriority
                0x08000c0e       0x38 ./Drivers/STM32F1xx_HAL_Driver/Src/stm32f1xx_hal_cortex.o
                0x08000c0e                HAL_NVIC_SetPriority
 .text.HAL_SYSTICK_Config
                0x08000c46       0x18 ./Drivers/STM32F1xx_HAL_Driver/Src/stm32f1xx_hal_cortex.o
                0x08000c46                HAL_SYSTICK_Config
 *fill*         0x08000c5e        0x2 
 .text.HAL_GPIO_Init
                0x08000c60      0x308 ./Drivers/STM32F1xx_HAL_Driver/Src/stm32f1xx_hal_gpio.o
                0x08000c60                HAL_GPIO_Init
 .text.HAL_GPIO_WritePin
                0x08000f68       0x30 ./Drivers/STM32F1xx_HAL_Driver/Src/stm32f1xx_hal_gpio.o
                0x08000f68                HAL_GPIO_WritePin
 .text.HAL_RCC_OscConfig
                0x08000f98      0x504 ./Drivers/STM32F1xx_HAL_Driver/Src/stm32f1xx_hal_rcc.o
                0x08000f98                HAL_RCC_OscConfig
 .text.HAL_RCC_ClockConfig
                0x0800149c      0x1d4 ./Drivers/STM32F1xx_HAL_Driver/Src/stm32f1xx_hal_rcc.o
                0x0800149c                HAL_RCC_ClockConfig
 .text.HAL_RCC_GetSysClockFreq
                0x08001670       0xbc ./Drivers/STM32F1xx_HAL_Driver/Src/stm32f1xx_hal_rcc.o
                0x08001670                HAL_RCC_GetSysClockFreq
 .text.HAL_RCC_GetHCLKFreq
                0x0800172c       0x14 ./Drivers/STM32F1xx_HAL_Driver/Src/stm32f1xx_hal_rcc.o
                0x0800172c                HAL_RCC_GetHCLKFreq
 .text.HAL_RCC_GetPCLK1Freq
                0x08001740       0x28 ./Drivers/STM32F1xx_HAL_Driver/Src/stm32f1xx_hal_rcc.o
                0x08001740                HAL_RCC_GetPCLK1Freq
 .text.HAL_RCC_GetPCLK2Freq
                0x08001768       0x28 ./Drivers/STM32F1xx_HAL_Driver/Src/stm32f1xx_hal_rcc.o
                0x08001768                HAL_RCC_GetPCLK2Freq
 .text.RCC_Delay
                0x08001790       0x3c ./Drivers/STM32F1xx_HAL_Driver/Src/stm32f1xx_hal_rcc.o
 .text.HAL_UART_Init
                0x080017cc       0x9a ./Drivers/STM32F1xx_HAL_Driver/Src/stm32f1xx_hal_uart.o
                0x080017cc                HAL_UART_Init
 *fill*         0x08001866        0x2 
 .text.UART_SetConfig
                0x08001868      0x11c ./Drivers/STM32F1xx_HAL_Driver/Src/stm32f1xx_hal_uart.o
 .text.__libc_init_array
                0x08001984       0x48 c:/st/stm32cubeide_1.11.0/stm32cubeide/plugins/com.st.stm32cube.ide.mcu.externaltools.gnu-arm-embedded.10.3-2021.10.win32_1.0.200.202301161003/tools/bin/../lib/gcc/arm-none-eabi/10.3.1/../../../../arm-none-eabi/lib/thumb/v7-m/nofp\libc_nano.a(lib_a-init.o)
                0x08001984                __libc_init_array
 .text.memset   0x080019cc       0x10 c:/st/stm32cubeide_1.11.0/stm32cubeide/plugins/com.st.stm32cube.ide.mcu.externaltools.gnu-arm-embedded.10.3-2021.10.win32_1.0.200.202301161003/tools/bin/../lib/gcc/arm-none-eabi/10.3.1/../../../../arm-none-eabi/lib/thumb/v7-m/nofp\libc_nano.a(lib_a-memset.o)
                0x080019cc                memset
 *(.glue_7)
 .glue_7        0x080019dc        0x0 linker stubs
 *(.glue_7t)
 .glue_7t       0x080019dc        0x0 linker stubs
 *(.eh_frame)
 .eh_frame      0x080019dc        0x0 c:/st/stm32cubeide_1.11.0/stm32cubeide/plugins/com.st.stm32cube.ide.mcu.externaltools.gnu-arm-embedded.10.3-2021.10.win32_1.0.200.202301161003/tools/bin/../lib/gcc/arm-none-eabi/10.3.1/thumb/v7-m/nofp/crtbegin.o
 *(.init)
 .init          0x080019dc        0x4 c:/st/stm32cubeide_1.11.0/stm32cubeide/plugins/com.st.stm32cube.ide.mcu.externaltools.gnu-arm-embedded.10.3-2021.10.win32_1.0.200.202301161003/tools/bin/../lib/gcc/arm-none-eabi/10.3.1/thumb/v7-m/nofp/crti.o
                0x080019dc                _init
 .init          0x080019e0        0x8 c:/st/stm32cubeide_1.11.0/stm32cubeide/plugins/com.st.stm32cube.ide.mcu.externaltools.gnu-arm-embedded.10.3-2021.10.win32_1.0.200.202301161003/tools/bin/../lib/gcc/arm-none-eabi/10.3.1/thumb/v7-m/nofp/crtn.o
 *(.fini)
 .fini          0x080019e8        0x4 c:/st/stm32cubeide_1.11.0/stm32cubeide/plugins/com.st.stm32cube.ide.mcu.externaltools.gnu-arm-embedded.10.3-2021.10.win32_1.0.200.202301161003/tools/bin/../lib/gcc/arm-none-eabi/10.3.1/thumb/v7-m/nofp/crti.o
                0x080019e8                _fini
 .fini          0x080019ec        0x8 c:/st/stm32cubeide_1.11.0/stm32cubeide/plugins/com.st.stm32cube.ide.mcu.externaltools.gnu-arm-embedded.10.3-2021.10.win32_1.0.200.202301161003/tools/bin/../lib/gcc/arm-none-eabi/10.3.1/thumb/v7-m/nofp/crtn.o
                0x080019f4                . = ALIGN (0x4)
                0x080019f4                _etext = .

.vfp11_veneer   0x080019f4        0x0
 .vfp11_veneer  0x080019f4        0x0 linker stubs

.v4_bx          0x080019f4        0x0
 .v4_bx         0x080019f4        0x0 linker stubs

.iplt           0x080019f4        0x0
 .iplt          0x080019f4        0x0 c:/st/stm32cubeide_1.11.0/stm32cubeide/plugins/com.st.stm32cube.ide.mcu.externaltools.gnu-arm-embedded.10.3-2021.10.win32_1.0.200.202301161003/tools/bin/../lib/gcc/arm-none-eabi/10.3.1/thumb/v7-m/nofp/crtbegin.o

.rodata         0x080019f4       0x30
                0x080019f4                . = ALIGN (0x4)
 *(.rodata)
 .rodata        0x080019f4        0x7 ./Core/Src/main.o
 *fill*         0x080019fb        0x1 
 .rodata        0x080019fc       0x10 ./Drivers/STM32F1xx_HAL_Driver/Src/stm32f1xx_hal_rcc.o
 *(.rodata*)
 .rodata.AHBPrescTable
                0x08001a0c       0x10 ./Core/Src/system_stm32f1xx.o
                0x08001a0c                AHBPrescTable
 .rodata.APBPrescTable
                0x08001a1c        0x8 ./Core/Src/system_stm32f1xx.o
                0x08001a1c                APBPrescTable
                0x08001a24                . = ALIGN (0x4)

.rel.dyn        0x08001a24        0x0
 .rel.iplt      0x08001a24        0x0 c:/st/stm32cubeide_1.11.0/stm32cubeide/plugins/com.st.stm32cube.ide.mcu.externaltools.gnu-arm-embedded.10.3-2021.10.win32_1.0.200.202301161003/tools/bin/../lib/gcc/arm-none-eabi/10.3.1/thumb/v7-m/nofp/crtbegin.o

.ARM.extab      0x08001a24        0x0
                0x08001a24                . = ALIGN (0x4)
 *(.ARM.extab* .gnu.linkonce.armextab.*)
                0x08001a24                . = ALIGN (0x4)

.ARM            0x08001a24        0x0
                0x08001a24                . = ALIGN (0x4)
                0x08001a24                __exidx_start = .
 *(.ARM.exidx*)
                0x08001a24                __exidx_end = .
                0x08001a24                . = ALIGN (0x4)

.preinit_array  0x08001a24        0x0
                0x08001a24                . = ALIGN (0x4)
                0x08001a24                PROVIDE (__preinit_array_start = .)
 *(.preinit_array*)
                0x08001a24                PROVIDE (__preinit_array_end = .)
                0x08001a24                . = ALIGN (0x4)

.init_array     0x08001a24        0x4
                0x08001a24                . = ALIGN (0x4)
                0x08001a24                PROVIDE (__init_array_start = .)
 *(SORT_BY_NAME(.init_array.*))
 *(.init_array*)
 .init_array    0x08001a24        0x4 c:/st/stm32cubeide_1.11.0/stm32cubeide/plugins/com.st.stm32cube.ide.mcu.externaltools.gnu-arm-embedded.10.3-2021.10.win32_1.0.200.202301161003/tools/bin/../lib/gcc/arm-none-eabi/10.3.1/thumb/v7-m/nofp/crtbegin.o
                0x08001a28                PROVIDE (__init_array_end = .)
                0x08001a28                . = ALIGN (0x4)

.fini_array     0x08001a28        0x4
                0x08001a28                . = ALIGN (0x4)
                [!provide]                PROVIDE (__fini_array_start = .)
 *(SORT_BY_NAME(.fini_array.*))
 *(.fini_array*)
 .fini_array    0x08001a28        0x4 c:/st/stm32cubeide_1.11.0/stm32cubeide/plugins/com.st.stm32cube.ide.mcu.externaltools.gnu-arm-embedded.10.3-2021.10.win32_1.0.200.202301161003/tools/bin/../lib/gcc/arm-none-eabi/10.3.1/thumb/v7-m/nofp/crtbegin.o
                [!provide]                PROVIDE (__fini_array_end = .)
                0x08001a2c                . = ALIGN (0x4)
                0x08001a2c                _sidata = LOADADDR (.data)

.data           0x20000000        0xc load address 0x08001a2c
                0x20000000                . = ALIGN (0x4)
                0x20000000                _sdata = .
 *(.data)
 *(.data*)
 .data.SystemCoreClock
                0x20000000        0x4 ./Core/Src/system_stm32f1xx.o
                0x20000000                SystemCoreClock
 .data.uwTickPrio
                0x20000004        0x4 ./Drivers/STM32F1xx_HAL_Driver/Src/stm32f1xx_hal.o
                0x20000004                uwTickPrio
 .data.uwTickFreq
                0x20000008        0x1 ./Drivers/STM32F1xx_HAL_Driver/Src/stm32f1xx_hal.o
                0x20000008                uwTickFreq
 *(.RamFunc)
 *(.RamFunc*)
                0x2000000c                . = ALIGN (0x4)
 *fill*         0x20000009        0x3 
                0x2000000c                _edata = .

.igot.plt       0x2000000c        0x0 load address 0x08001a38
 .igot.plt      0x2000000c        0x0 c:/st/stm32cubeide_1.11.0/stm32cubeide/plugins/com.st.stm32cube.ide.mcu.externaltools.gnu-arm-embedded.10.3-2021.10.win32_1.0.200.202301161003/tools/bin/../lib/gcc/arm-none-eabi/10.3.1/thumb/v7-m/nofp/crtbegin.o
                0x2000000c                . = ALIGN (0x4)

.bss            0x2000000c       0x6c load address 0x08001a38
                0x2000000c                _sbss = .
                0x2000000c                __bss_start__ = _sbss
 *(.bss)
 .bss           0x2000000c       0x1c c:/st/stm32cubeide_1.11.0/stm32cubeide/plugins/com.st.stm32cube.ide.mcu.externaltools.gnu-arm-embedded.10.3-2021.10.win32_1.0.200.202301161003/tools/bin/../lib/gcc/arm-none-eabi/10.3.1/thumb/v7-m/nofp/crtbegin.o
 *(.bss*)
 .bss._displayfunction
                0x20000028        0x1 ./Core/Src/lcd.o
                0x20000028                _displayfunction
 .bss._displaycontrol
                0x20000029        0x1 ./Core/Src/lcd.o
                0x20000029                _displaycontrol
 .bss._displaymode
                0x2000002a        0x1 ./Core/Src/lcd.o
                0x2000002a                _displaymode
 .bss._numlines
                0x2000002b        0x1 ./Core/Src/lcd.o
                0x2000002b                _numlines
 .bss._currline
                0x2000002c        0x1 ./Core/Src/lcd.o
                0x2000002c                _currline
 *fill*         0x2000002d        0x3 
 .bss.huart1    0x20000030       0x44 ./Core/Src/usart.o
                0x20000030                huart1
 .bss.uwTick    0x20000074        0x4 ./Drivers/STM32F1xx_HAL_Driver/Src/stm32f1xx_hal.o
                0x20000074                uwTick
 *(COMMON)
                0x20000078                . = ALIGN (0x4)
                0x20000078                _ebss = .
                0x20000078                __bss_end__ = _ebss

._user_heap_stack
                0x20000078      0x600 load address 0x08001a38
                0x20000078                . = ALIGN (0x8)
                [!provide]                PROVIDE (end = .)
                0x20000078                PROVIDE (_end = .)
                0x20000278                . = (. + _Min_Heap_Size)
 *fill*         0x20000078      0x200 
                0x20000678                . = (. + _Min_Stack_Size)
 *fill*         0x20000278      0x400 
                0x20000678                . = ALIGN (0x8)

/DISCARD/
 libc.a(*)
 libm.a(*)
 libgcc.a(*)

.ARM.attributes
                0x00000000       0x29
 *(.ARM.attributes)
 .ARM.attributes
                0x00000000       0x1d c:/st/stm32cubeide_1.11.0/stm32cubeide/plugins/com.st.stm32cube.ide.mcu.externaltools.gnu-arm-embedded.10.3-2021.10.win32_1.0.200.202301161003/tools/bin/../lib/gcc/arm-none-eabi/10.3.1/thumb/v7-m/nofp/crti.o
 .ARM.attributes
                0x0000001d       0x2d c:/st/stm32cubeide_1.11.0/stm32cubeide/plugins/com.st.stm32cube.ide.mcu.externaltools.gnu-arm-embedded.10.3-2021.10.win32_1.0.200.202301161003/tools/bin/../lib/gcc/arm-none-eabi/10.3.1/thumb/v7-m/nofp/crtbegin.o
 .ARM.attributes
                0x0000004a       0x2d ./Core/Src/gpio.o
 .ARM.attributes
                0x00000077       0x2d ./Core/Src/lcd.o
 .ARM.attributes
                0x000000a4       0x2d ./Core/Src/main.o
 .ARM.attributes
                0x000000d1       0x2d ./Core/Src/stm32f1xx_hal_msp.o
 .ARM.attributes
                0x000000fe       0x2d ./Core/Src/stm32f1xx_it.o
 .ARM.attributes
                0x0000012b       0x2d ./Core/Src/system_stm32f1xx.o
 .ARM.attributes
                0x00000158       0x2d ./Core/Src/usart.o
 .ARM.attributes
                0x00000185       0x21 ./Core/Startup/startup_stm32f103c8tx.o
 .ARM.attributes
                0x000001a6       0x2d ./Drivers/STM32F1xx_HAL_Driver/Src/stm32f1xx_hal.o
 .ARM.attributes
                0x000001d3       0x2d ./Drivers/STM32F1xx_HAL_Driver/Src/stm32f1xx_hal_cortex.o
 .ARM.attributes
                0x00000200       0x2d ./Drivers/STM32F1xx_HAL_Driver/Src/stm32f1xx_hal_gpio.o
 .ARM.attributes
                0x0000022d       0x2d ./Drivers/STM32F1xx_HAL_Driver/Src/stm32f1xx_hal_rcc.o
 .ARM.attributes
                0x0000025a       0x2d ./Drivers/STM32F1xx_HAL_Driver/Src/stm32f1xx_hal_uart.o
 .ARM.attributes
                0x00000287       0x2d c:/st/stm32cubeide_1.11.0/stm32cubeide/plugins/com.st.stm32cube.ide.mcu.externaltools.gnu-arm-embedded.10.3-2021.10.win32_1.0.200.202301161003/tools/bin/../lib/gcc/arm-none-eabi/10.3.1/../../../../arm-none-eabi/lib/thumb/v7-m/nofp\libc_nano.a(lib_a-init.o)
 .ARM.attributes
                0x000002b4       0x2d c:/st/stm32cubeide_1.11.0/stm32cubeide/plugins/com.st.stm32cube.ide.mcu.externaltools.gnu-arm-embedded.10.3-2021.10.win32_1.0.200.202301161003/tools/bin/../lib/gcc/arm-none-eabi/10.3.1/../../../../arm-none-eabi/lib/thumb/v7-m/nofp\libc_nano.a(lib_a-memset.o)
 .ARM.attributes
                0x000002e1       0x1d c:/st/stm32cubeide_1.11.0/stm32cubeide/plugins/com.st.stm32cube.ide.mcu.externaltools.gnu-arm-embedded.10.3-2021.10.win32_1.0.200.202301161003/tools/bin/../lib/gcc/arm-none-eabi/10.3.1/thumb/v7-m/nofp/crtn.o
OUTPUT(LCD16x4.elf elf32-littlearm)
LOAD linker stubs
LOAD c:/st/stm32cubeide_1.11.0/stm32cubeide/plugins/com.st.stm32cube.ide.mcu.externaltools.gnu-arm-embedded.10.3-2021.10.win32_1.0.200.202301161003/tools/bin/../lib/gcc/arm-none-eabi/10.3.1/../../../../arm-none-eabi/lib/thumb/v7-m/nofp\libc.a
LOAD c:/st/stm32cubeide_1.11.0/stm32cubeide/plugins/com.st.stm32cube.ide.mcu.externaltools.gnu-arm-embedded.10.3-2021.10.win32_1.0.200.202301161003/tools/bin/../lib/gcc/arm-none-eabi/10.3.1/../../../../arm-none-eabi/lib/thumb/v7-m/nofp\libm.a
LOAD c:/st/stm32cubeide_1.11.0/stm32cubeide/plugins/com.st.stm32cube.ide.mcu.externaltools.gnu-arm-embedded.10.3-2021.10.win32_1.0.200.202301161003/tools/bin/../lib/gcc/arm-none-eabi/10.3.1/thumb/v7-m/nofp\libgcc.a

.debug_info     0x00000000     0x4c1f
 .debug_info    0x00000000      0x180 ./Core/Src/gpio.o
 .debug_info    0x00000180      0x645 ./Core/Src/lcd.o
 .debug_info    0x000007c5      0x270 ./Core/Src/main.o
 .debug_info    0x00000a35      0x180 ./Core/Src/stm32f1xx_hal_msp.o
 .debug_info    0x00000bb5      0x119 ./Core/Src/stm32f1xx_it.o
 .debug_info    0x00000cce      0x23d ./Core/Src/system_stm32f1xx.o
 .debug_info    0x00000f0b      0x77d ./Core/Src/usart.o
 .debug_info    0x00001688       0x22 ./Core/Startup/startup_stm32f103c8tx.o
 .debug_info    0x000016aa      0x6e1 ./Drivers/STM32F1xx_HAL_Driver/Src/stm32f1xx_hal.o
 .debug_info    0x00001d8b      0xb20 ./Drivers/STM32F1xx_HAL_Driver/Src/stm32f1xx_hal_cortex.o
 .debug_info    0x000028ab      0x615 ./Drivers/STM32F1xx_HAL_Driver/Src/stm32f1xx_hal_gpio.o
 .debug_info    0x00002ec0      0x819 ./Drivers/STM32F1xx_HAL_Driver/Src/stm32f1xx_hal_rcc.o
 .debug_info    0x000036d9     0x1546 ./Drivers/STM32F1xx_HAL_Driver/Src/stm32f1xx_hal_uart.o

.debug_abbrev   0x00000000     0x12ff
 .debug_abbrev  0x00000000       0xc2 ./Core/Src/gpio.o
 .debug_abbrev  0x000000c2      0x1de ./Core/Src/lcd.o
 .debug_abbrev  0x000002a0      0x144 ./Core/Src/main.o
 .debug_abbrev  0x000003e4       0xc2 ./Core/Src/stm32f1xx_hal_msp.o
 .debug_abbrev  0x000004a6       0x61 ./Core/Src/stm32f1xx_it.o
 .debug_abbrev  0x00000507      0x13b ./Core/Src/system_stm32f1xx.o
 .debug_abbrev  0x00000642      0x18f ./Core/Src/usart.o
 .debug_abbrev  0x000007d1       0x12 ./Core/Startup/startup_stm32f103c8tx.o
 .debug_abbrev  0x000007e3      0x1c8 ./Drivers/STM32F1xx_HAL_Driver/Src/stm32f1xx_hal.o
 .debug_abbrev  0x000009ab      0x2ed ./Drivers/STM32F1xx_HAL_Driver/Src/stm32f1xx_hal_cortex.o
 .debug_abbrev  0x00000c98      0x1bb ./Drivers/STM32F1xx_HAL_Driver/Src/stm32f1xx_hal_gpio.o
 .debug_abbrev  0x00000e53      0x260 ./Drivers/STM32F1xx_HAL_Driver/Src/stm32f1xx_hal_rcc.o
 .debug_abbrev  0x000010b3      0x24c ./Drivers/STM32F1xx_HAL_Driver/Src/stm32f1xx_hal_uart.o

.debug_aranges  0x00000000      0x6c8
 .debug_aranges
                0x00000000       0x20 ./Core/Src/gpio.o
 .debug_aranges
                0x00000020       0xb0 ./Core/Src/lcd.o
 .debug_aranges
                0x000000d0       0x30 ./Core/Src/main.o
 .debug_aranges
                0x00000100       0x20 ./Core/Src/stm32f1xx_hal_msp.o
 .debug_aranges
                0x00000120       0x60 ./Core/Src/stm32f1xx_it.o
 .debug_aranges
                0x00000180       0x28 ./Core/Src/system_stm32f1xx.o
 .debug_aranges
                0x000001a8       0x30 ./Core/Src/usart.o
 .debug_aranges
                0x000001d8       0x28 ./Core/Startup/startup_stm32f103c8tx.o
 .debug_aranges
                0x00000200       0xe0 ./Drivers/STM32F1xx_HAL_Driver/Src/stm32f1xx_hal.o
 .debug_aranges
                0x000002e0      0x100 ./Drivers/STM32F1xx_HAL_Driver/Src/stm32f1xx_hal_cortex.o
 .debug_aranges
                0x000003e0       0x58 ./Drivers/STM32F1xx_HAL_Driver/Src/stm32f1xx_hal_gpio.o
 .debug_aranges
                0x00000438       0x90 ./Drivers/STM32F1xx_HAL_Driver/Src/stm32f1xx_hal_rcc.o
 .debug_aranges
                0x000004c8      0x200 ./Drivers/STM32F1xx_HAL_Driver/Src/stm32f1xx_hal_uart.o

.debug_ranges   0x00000000      0x630
 .debug_ranges  0x00000000       0x10 ./Core/Src/gpio.o
 .debug_ranges  0x00000010       0xa0 ./Core/Src/lcd.o
 .debug_ranges  0x000000b0       0x20 ./Core/Src/main.o
 .debug_ranges  0x000000d0       0x10 ./Core/Src/stm32f1xx_hal_msp.o
 .debug_ranges  0x000000e0       0x50 ./Core/Src/stm32f1xx_it.o
 .debug_ranges  0x00000130       0x18 ./Core/Src/system_stm32f1xx.o
 .debug_ranges  0x00000148       0x20 ./Core/Src/usart.o
 .debug_ranges  0x00000168       0x20 ./Core/Startup/startup_stm32f103c8tx.o
 .debug_ranges  0x00000188       0xd0 ./Drivers/STM32F1xx_HAL_Driver/Src/stm32f1xx_hal.o
 .debug_ranges  0x00000258       0xf0 ./Drivers/STM32F1xx_HAL_Driver/Src/stm32f1xx_hal_cortex.o
 .debug_ranges  0x00000348       0x48 ./Drivers/STM32F1xx_HAL_Driver/Src/stm32f1xx_hal_gpio.o
 .debug_ranges  0x00000390       0x80 ./Drivers/STM32F1xx_HAL_Driver/Src/stm32f1xx_hal_rcc.o
 .debug_ranges  0x00000410      0x220 ./Drivers/STM32F1xx_HAL_Driver/Src/stm32f1xx_hal_uart.o

.debug_macro    0x00000000    0x16401
 .debug_macro   0x00000000      0x1a2 ./Core/Src/gpio.o
 .debug_macro   0x000001a2      0xa6c ./Core/Src/gpio.o
 .debug_macro   0x00000c0e      0x215 ./Core/Src/gpio.o
 .debug_macro   0x00000e23       0x2e ./Core/Src/gpio.o
 .debug_macro   0x00000e51       0x22 ./Core/Src/gpio.o
 .debug_macro   0x00000e73       0x22 ./Core/Src/gpio.o
 .debug_macro   0x00000e95       0x8e ./Core/Src/gpio.o
 .debug_macro   0x00000f23       0x51 ./Core/Src/gpio.o
 .debug_macro   0x00000f74      0x103 ./Core/Src/gpio.o
 .debug_macro   0x00001077       0x6a ./Core/Src/gpio.o
 .debug_macro   0x000010e1      0x1df ./Core/Src/gpio.o
 .debug_macro   0x000012c0       0x1c ./Core/Src/gpio.o
 .debug_macro   0x000012dc       0x22 ./Core/Src/gpio.o
 .debug_macro   0x000012fe       0xbd ./Core/Src/gpio.o
 .debug_macro   0x000013bb      0xd23 ./Core/Src/gpio.o
 .debug_macro   0x000020de     0xe09e ./Core/Src/gpio.o
 .debug_macro   0x0001017c       0x6d ./Core/Src/gpio.o
 .debug_macro   0x000101e9     0x3468 ./Core/Src/gpio.o
 .debug_macro   0x00013651      0x174 ./Core/Src/gpio.o
 .debug_macro   0x000137c5       0x5c ./Core/Src/gpio.o
 .debug_macro   0x00013821      0x5be ./Core/Src/gpio.o
 .debug_macro   0x00013ddf      0x289 ./Core/Src/gpio.o
 .debug_macro   0x00014068      0x1cb ./Core/Src/gpio.o
 .debug_macro   0x00014233      0x114 ./Core/Src/gpio.o
 .debug_macro   0x00014347      0x1b2 ./Core/Src/gpio.o
 .debug_macro   0x000144f9       0x27 ./Core/Src/gpio.o
 .debug_macro   0x00014520      0x136 ./Core/Src/gpio.o
 .debug_macro   0x00014656      0x1bc ./Core/Src/gpio.o
 .debug_macro   0x00014812       0x34 ./Core/Src/gpio.o
 .debug_macro   0x00014846       0x3c ./Core/Src/gpio.o
 .debug_macro   0x00014882       0x57 ./Core/Src/gpio.o
 .debug_macro   0x000148d9       0x88 ./Core/Src/gpio.o
 .debug_macro   0x00014961      0x241 ./Core/Src/gpio.o
 .debug_macro   0x00014ba2      0x141 ./Core/Src/gpio.o
 .debug_macro   0x00014ce3      0x279 ./Core/Src/gpio.o
 .debug_macro   0x00014f5c       0x83 ./Core/Src/gpio.o
 .debug_macro   0x00014fdf      0x19d ./Core/Src/lcd.o
 .debug_macro   0x0001517c       0xfa ./Core/Src/lcd.o
 .debug_macro   0x00015276      0x1b9 ./Core/Src/main.o
 .debug_macro   0x0001542f      0x100 ./Core/Src/main.o
 .debug_macro   0x0001552f      0x198 ./Core/Src/stm32f1xx_hal_msp.o
 .debug_macro   0x000156c7      0x1a2 ./Core/Src/stm32f1xx_it.o
 .debug_macro   0x00015869      0x18e ./Core/Src/system_stm32f1xx.o
 .debug_macro   0x000159f7      0x1a2 ./Core/Src/usart.o
 .debug_macro   0x00015b99      0x1b2 ./Drivers/STM32F1xx_HAL_Driver/Src/stm32f1xx_hal.o
 .debug_macro   0x00015d4b      0x18e ./Drivers/STM32F1xx_HAL_Driver/Src/stm32f1xx_hal_cortex.o
 .debug_macro   0x00015ed9      0x1f9 ./Drivers/STM32F1xx_HAL_Driver/Src/stm32f1xx_hal_gpio.o
 .debug_macro   0x000160d2      0x1a0 ./Drivers/STM32F1xx_HAL_Driver/Src/stm32f1xx_hal_rcc.o
 .debug_macro   0x00016272      0x18f ./Drivers/STM32F1xx_HAL_Driver/Src/stm32f1xx_hal_uart.o

.debug_line     0x00000000     0x7517
 .debug_line    0x00000000      0x639 ./Core/Src/gpio.o
 .debug_line    0x00000639      0x8ed ./Core/Src/lcd.o
 .debug_line    0x00000f26      0x6d8 ./Core/Src/main.o
 .debug_line    0x000015fe      0x63c ./Core/Src/stm32f1xx_hal_msp.o
 .debug_line    0x00001c3a      0x6ff ./Core/Src/stm32f1xx_it.o
 .debug_line    0x00002339      0x6bb ./Core/Src/system_stm32f1xx.o
 .debug_line    0x000029f4      0x6ac ./Core/Src/usart.o
 .debug_line    0x000030a0       0x87 ./Core/Startup/startup_stm32f103c8tx.o
 .debug_line    0x00003127      0x8e8 ./Drivers/STM32F1xx_HAL_Driver/Src/stm32f1xx_hal.o
 .debug_line    0x00003a0f      0xad0 ./Drivers/STM32F1xx_HAL_Driver/Src/stm32f1xx_hal_cortex.o
 .debug_line    0x000044df      0x97f ./Drivers/STM32F1xx_HAL_Driver/Src/stm32f1xx_hal_gpio.o
 .debug_line    0x00004e5e      0xcf6 ./Drivers/STM32F1xx_HAL_Driver/Src/stm32f1xx_hal_rcc.o
 .debug_line    0x00005b54     0x19c3 ./Drivers/STM32F1xx_HAL_Driver/Src/stm32f1xx_hal_uart.o

.debug_str      0x00000000    0x7e3d3
 .debug_str     0x00000000    0x7c303 ./Core/Src/gpio.o
                              0x7c621 (size before relaxing)
 .debug_str     0x0007c303      0x56e ./Core/Src/lcd.o
                              0x7cb80 (size before relaxing)
 .debug_str     0x0007c871      0x18a ./Core/Src/main.o
                              0x7ca99 (size before relaxing)
 .debug_str     0x0007c9fb       0x2c ./Core/Src/stm32f1xx_hal_msp.o
                              0x7c621 (size before relaxing)
 .debug_str     0x0007ca27       0xbd ./Core/Src/stm32f1xx_it.o
                              0x7c658 (size before relaxing)
 .debug_str     0x0007cae4       0x7e ./Core/Src/system_stm32f1xx.o
                              0x7c67a (size before relaxing)
 .debug_str     0x0007cb62      0x3d7 ./Core/Src/usart.o
                              0x7ca9b (size before relaxing)
 .debug_str     0x0007cf39       0x36 ./Core/Startup/startup_stm32f103c8tx.o
                                 0x69 (size before relaxing)
 .debug_str     0x0007cf6f      0x5e9 ./Drivers/STM32F1xx_HAL_Driver/Src/stm32f1xx_hal.o
                              0x7cd5e (size before relaxing)
 .debug_str     0x0007d558      0x30a ./Drivers/STM32F1xx_HAL_Driver/Src/stm32f1xx_hal_cortex.o
                              0x7ccf9 (size before relaxing)
 .debug_str     0x0007d862      0x31e ./Drivers/STM32F1xx_HAL_Driver/Src/stm32f1xx_hal_gpio.o
                              0x7ca00 (size before relaxing)
 .debug_str     0x0007db80      0x24f ./Drivers/STM32F1xx_HAL_Driver/Src/stm32f1xx_hal_rcc.o
                              0x7ca82 (size before relaxing)
 .debug_str     0x0007ddcf      0x604 ./Drivers/STM32F1xx_HAL_Driver/Src/stm32f1xx_hal_uart.o
                              0x7d03d (size before relaxing)

.comment        0x00000000       0x49
 .comment       0x00000000       0x49 ./Core/Src/gpio.o
                                 0x4a (size before relaxing)
 .comment       0x00000049       0x4a ./Core/Src/lcd.o
 .comment       0x00000049       0x4a ./Core/Src/main.o
 .comment       0x00000049       0x4a ./Core/Src/stm32f1xx_hal_msp.o
 .comment       0x00000049       0x4a ./Core/Src/stm32f1xx_it.o
 .comment       0x00000049       0x4a ./Core/Src/system_stm32f1xx.o
 .comment       0x00000049       0x4a ./Core/Src/usart.o
 .comment       0x00000049       0x4a ./Drivers/STM32F1xx_HAL_Driver/Src/stm32f1xx_hal.o
 .comment       0x00000049       0x4a ./Drivers/STM32F1xx_HAL_Driver/Src/stm32f1xx_hal_cortex.o
 .comment       0x00000049       0x4a ./Drivers/STM32F1xx_HAL_Driver/Src/stm32f1xx_hal_gpio.o
 .comment       0x00000049       0x4a ./Drivers/STM32F1xx_HAL_Driver/Src/stm32f1xx_hal_rcc.o
 .comment       0x00000049       0x4a ./Drivers/STM32F1xx_HAL_Driver/Src/stm32f1xx_hal_uart.o

.debug_frame    0x00000000     0x1958
 .debug_frame   0x00000000       0x38 ./Core/Src/gpio.o
 .debug_frame   0x00000038      0x288 ./Core/Src/lcd.o
 .debug_frame   0x000002c0       0x6c ./Core/Src/main.o
 .debug_frame   0x0000032c       0x38 ./Core/Src/stm32f1xx_hal_msp.o
 .debug_frame   0x00000364      0x104 ./Core/Src/stm32f1xx_it.o
 .debug_frame   0x00000468       0x58 ./Core/Src/system_stm32f1xx.o
 .debug_frame   0x000004c0       0x74 ./Core/Src/usart.o
 .debug_frame   0x00000534      0x334 ./Drivers/STM32F1xx_HAL_Driver/Src/stm32f1xx_hal.o
 .debug_frame   0x00000868      0x428 ./Drivers/STM32F1xx_HAL_Driver/Src/stm32f1xx_hal_cortex.o
 .debug_frame   0x00000c90      0x14c ./Drivers/STM32F1xx_HAL_Driver/Src/stm32f1xx_hal_gpio.o
 .debug_frame   0x00000ddc      0x21c ./Drivers/STM32F1xx_HAL_Driver/Src/stm32f1xx_hal_rcc.o
 .debug_frame   0x00000ff8      0x914 ./Drivers/STM32F1xx_HAL_Driver/Src/stm32f1xx_hal_uart.o
 .debug_frame   0x0000190c       0x2c c:/st/stm32cubeide_1.11.0/stm32cubeide/plugins/com.st.stm32cube.ide.mcu.externaltools.gnu-arm-embedded.10.3-2021.10.win32_1.0.200.202301161003/tools/bin/../lib/gcc/arm-none-eabi/10.3.1/../../../../arm-none-eabi/lib/thumb/v7-m/nofp\libc_nano.a(lib_a-init.o)
 .debug_frame   0x00001938       0x20 c:/st/stm32cubeide_1.11.0/stm32cubeide/plugins/com.st.stm32cube.ide.mcu.externaltools.gnu-arm-embedded.10.3-2021.10.win32_1.0.200.202301161003/tools/bin/../lib/gcc/arm-none-eabi/10.3.1/../../../../arm-none-eabi/lib/thumb/v7-m/nofp\libc_nano.a(lib_a-memset.o)
