../Core/Src/lcd.c:18:6:lcd_gpio_init	48	static
../Core/Src/lcd.c:59:6:lcd_init	16	static
../Core/Src/lcd.c:67:6:lcd_begin	16	static
../Core/Src/lcd.c:144:6:lcd_home	8	static
../Core/Src/lcd.c:149:6:lcd_display	16	static
../Core/Src/lcd.c:163:6:lcd_enable	8	static
../Core/Src/lcd.c:173:6:write_8bit	16	static
../Core/Src/lcd.c:187:6:lcd_send_cmd	16	static
../Core/Src/lcd.c:193:6:lcd_clear	8	static
../Core/Src/lcd.c:199:6:lcd_send_data	16	static
../Core/Src/lcd.c:205:6:lcd_cursor	16	static
../Core/Src/lcd.c:219:6:lcd_blink	16	static
../Core/Src/lcd.c:233:6:lcd_scrollDisplayLeft	8	static
../Core/Src/lcd.c:238:6:lcd_scrollDisplayRight	8	static
../Core/Src/lcd.c:243:6:lcd_leftToRight	8	static
../Core/Src/lcd.c:249:6:lcd_rightToLeft	8	static
../Core/Src/lcd.c:255:6:lcd_autoscroll	16	static
../Core/Src/lcd.c:269:6:lcd_print	16	static
../Core/Src/lcd.c:287:6:lcd_set_cursor	16	static
