../Core/Src/lcd.c:18:6:lcd_gpio_init	32	static
../Core/Src/lcd.c:55:6:lcd_init	16	static
../Core/Src/lcd.c:63:6:lcd_begin	16	static
../Core/Src/lcd.c:140:6:lcd_home	8	static
../Core/Src/lcd.c:145:6:lcd_display	16	static
../Core/Src/lcd.c:159:6:lcd_enable	8	static
../Core/Src/lcd.c:169:6:write_8bit	16	static
../Core/Src/lcd.c:183:6:lcd_send_cmd	16	static
../Core/Src/lcd.c:189:6:lcd_clear	8	static
../Core/Src/lcd.c:195:6:lcd_send_data	16	static
../Core/Src/lcd.c:201:6:lcd_cursor	16	static
../Core/Src/lcd.c:215:6:lcd_blink	16	static
../Core/Src/lcd.c:229:6:lcd_scrollDisplayLeft	8	static
../Core/Src/lcd.c:234:6:lcd_scrollDisplayRight	8	static
../Core/Src/lcd.c:239:6:lcd_leftToRight	8	static
../Core/Src/lcd.c:245:6:lcd_rightToLeft	8	static
../Core/Src/lcd.c:251:6:lcd_autoscroll	16	static
../Core/Src/lcd.c:265:6:lcd_print	16	static
../Core/Src/lcd.c:274:6:lcd_set_cursor	40	static
